config
{
    name: doorModel2
    player_spawn: (100,100,100)
    top_corner: (300,300,200)
    bot_corner: (0,0,0)
    anchor_start: (0,0,75)
    anchor_end: (0,0,75)
}

static
{
    plane[floor]:(0,0,0)|(0,0,1)|Beige
    plane[roof] :(0,0,198)|(0,0,-1)|Beige
    plane[wall1]:(2,0,0)|(1,0,0)|Beige
    plane[wall2]:(298,0,0)|(-1,0,0)|Beige
    plane[wall3]:(0,2,0)|(0,1,0)|Beige
    plane[wall4]:(0,298,0)|(0,-1,0)|Beige
}

lights
{
    light:(100,100,150)|White|10000
}

dynamic
{
    $POS:     (200,150,50)
    $POSFRONT:(190,150,50)

    box[centerwall]:(200,150,100)|(10,300,200)|Red|(100,300,200)
    boolean: centerwall: difference: sphere:$POS|80|Black|false

    cylinder[mainFrame]:$POSFRONT|(-1,0,0)|20|85|Gray|(100,200,200)
    boolean: mainFrame: difference: cylinder:(-50,0,0)|(-1,0,0)|100|75|Black|True
    boolean: mainFrame: union: cylinder:(6,0,0)|(-1,0,0)|8|75|DarkGray|True
    boolean: mainFrame: difference: cylinder:(-50,0,0)|(-1,0,0)|100|70|Black|True

    box[plate1]:(200,100,50)|(2,100,80)|Blue|(4,100,80)
}

physics
{
}

interactables
{
}
