config
{
    name: lvl1
    player_spawn: (150,100,100)
    top_corner: (300,700,200)
    bot_corner: (0,0,0)
    anchor_start: (0,0,75)
    anchor_end: (0,0,75)
}

static
{
    plane[floor]:(0,0,0)|(0,0,1)|Beige
    plane[roof] :(0,0,198)|(0,0,-1)|Beige
    plane[wall1] :(2,0,0)|(1,0,0)|Beige
    plane[wall2] :(298,0,0)|(-1,0,0)|Beige
    plane[wall3] :(0,2,0)|(0,1,0)|Beige
    plane[wall4] :(0,398,0)|(0,-1,0)|Beige

    box[glassPlane]:(225,150,100)|(148,6,198)|Gray|(200,8,200)|transparent

    sphere[pballspawn]:(225,325,50)|25|Green|(50,50,50)

    boolean: wall4: intersect: plane:(0,20,0)|(0,1,0)|Black|True
    boolean: wall4: difference: capsule:(80,400,-90)|70|65|Black|False
    boolean: wall4: difference: box:(80,610,50)|(150,400,120)|Black|False

}

lights
{
    light:(150,200,170)|White|20000
}

dynamic
{
    box[frame]:(225,150,100)|(150,10,200)|Black|(200,100,200)
    boolean: frame: difference: box:(0,0,0)|(140,100,190)|Black|true
    
    capsule[aasdf]:(0,100,-90)|70|65|Blue|(250,250,250)

    # box[wallPanels1]:(3,50,55)|(5,60,60)|Gray|(200,700,200)
    # repeat: wallPanels1: (0,10,2)|61

    # box[floorPlate]:(200,250,2)|(30,33,4)|LightGray|(500,500,10)
    # boolean: floorPlate: union: box:(15,15,-1)|(65,65,4)|Black|True
    # boolean: floorPlate: union: box:(31,30,0)|(30,30,4)|White|true
    # boolean: floorPlate: union: box:(31,-1,0)|(30,30,4)|White|true
    # boolean: floorPlate: union: box:(0,31,0)|(30,30,4)|White|true

    # box[floorPlate2]:(153,265,3)|(62,62,4)|White|(500,500,10)
    # boolean: floorPlate2: union: box:(0,0,-1)|(65,65,4)|Black|True

    # box[floorPlate3]:(140,187,2)|(30,30,4)|White|(500,500,10)
    # boolean: floorPlate3: union: box:(15,15,-1)|(65,65,4)|Black|True
    # boolean: floorPlate3: union: box:(31,30,0)|(30,31,4)|LightGray|true
    # boolean: floorPlate3: union: box:(31,-2,0)|(30,32,4)|White|true
    # boolean: floorPlate3: union: box:(0,31,0)|(30,30,4)|LightGray|true

    # box[floorPlate4]:(202,186,2)|(30,30,4)|White|(500,500,10)
    # boolean: floorPlate4: union: box:(15,15,-1)|(65,65,4)|Black|True
    # boolean: floorPlate4: union: box:(31,32,0)|(30,30,4)|White|true
    # boolean: floorPlate4: union: box:(29,0,0)|(30,30,4)|White|true
    # boolean: floorPlate4: union: box:(0,31,0)|(30,30,4)|White|true

    # boolean: floorPlate: union: floorPlate2|false
    # boolean: floorPlate: union: floorPlate3|false
    # boolean: floorPlate: union: floorPlate4|false

    # repeat: floorPlate: (1,2,0)|122

    # boolean: floorPlate2: union: box:(31,30,0)|(30,30,4)|White|true
    # boolean: floorPlate2: union: box:(31,-1,0)|(30,30,4)|White|true
    # boolean: floorPlate2: union: box:(0,31,0)|(30,30,4)|White|true

    # sphere[indicator]:(225,75,0)|8|Aqua|(200,200,100)
    # symmetry: indicator: XY|(35,35,0)

}

physics
{
}

interactables
{
    floor_button[fb]:(225,75,0)|Aqua
}
